new:168:14:void* operator new(std::size_t, void*)	8	static
SingletonPtr.h:43:20:void singleton_lock()	0	static
SingletonPtr.h:56:20:void singleton_unlock()	0	static
PlatformMutex.h:36:5:PlatformMutex::PlatformMutex()	16	static
PlatformMutex.h:46:10:void PlatformMutex::lock()	8	static
PlatformMutex.h:51:10:void PlatformMutex::unlock()	8	static
FlashIAP.cpp:36:20:bool mbed::is_aligned(uint32_t, uint32_t)	8	static
FlashIAP.cpp:45:1:mbed::FlashIAP::FlashIAP()	16	static
FlashIAP.cpp:50:1:mbed::FlashIAP::~FlashIAP()	16	static
FlashIAP.cpp:55:5:int mbed::FlashIAP::init()	24	static
FlashIAP.cpp:69:5:int mbed::FlashIAP::deinit()	24	static
FlashIAP.cpp:82:5:int mbed::FlashIAP::read(void*, uint32_t, uint32_t)	32	static
FlashIAP.cpp:91:5:int mbed::FlashIAP::program(const void*, uint32_t, uint32_t)	72	static
FlashIAP.cpp:142:6:bool mbed::FlashIAP::is_aligned_to_sector(uint32_t, uint32_t)	32	static
FlashIAP.cpp:153:5:int mbed::FlashIAP::erase(uint32_t, uint32_t)	56	static
FlashIAP.cpp:186:10:uint32_t mbed::FlashIAP::get_page_size() const	16	static
FlashIAP.cpp:191:10:uint32_t mbed::FlashIAP::get_sector_size(uint32_t) const	16	static
FlashIAP.cpp:196:10:uint32_t mbed::FlashIAP::get_flash_start() const	16	static
FlashIAP.cpp:201:10:uint32_t mbed::FlashIAP::get_flash_size() const	16	static
NonCopyable.h:155:5:mbed::NonCopyable<T>::NonCopyable() [with T = PlatformMutex]	8	static
NonCopyable.h:155:5:mbed::NonCopyable<T>::NonCopyable() [with T = mbed::FlashIAP]	8	static
NonCopyable.h:159:5:mbed::NonCopyable<T>::~NonCopyable() [with T = mbed::FlashIAP]	8	static
SingletonPtr.h:103:8:T* SingletonPtr<T>::operator->() [with T = PlatformMutex]	16	static
stl_algobase.h:195:5:constexpr const _Tp& std::min(const _Tp&, const _Tp&) [with _Tp = long unsigned int]	8	static
SingletonPtr.h:83:8:T* SingletonPtr<T>::get() [with T = PlatformMutex]	16	static
