core_cm4.h:1902:22:void __NVIC_SetVector(IRQn_Type, uint32_t)	16	static
core_cm4.h:1917:26:uint32_t __NVIC_GetVector(IRQn_Type)	16	static
new:168:14:void* operator new(std::size_t, void*)	8	static
PlatformMutex.h:36:5:PlatformMutex::PlatformMutex()	16	static
PlatformMutex.h:41:5:PlatformMutex::~PlatformMutex()	16	static
PlatformMutex.h:46:10:void PlatformMutex::lock()	8	static
PlatformMutex.h:51:10:void PlatformMutex::unlock()	8	static
InterruptManager.cpp:37:19:static mbed::InterruptManager* mbed::InterruptManager::get()	16	static
InterruptManager.cpp:59:1:mbed::InterruptManager::InterruptManager()	16	static
InterruptManager.cpp:65:6:static void mbed::InterruptManager::destroy()	8	static
InterruptManager.cpp:76:1:mbed::InterruptManager::~InterruptManager()	24	static
InterruptManager.cpp:84:6:bool mbed::InterruptManager::must_replace_vector(IRQn_Type)	40	static
InterruptManager.cpp:99:20:mbed::Callback<void()>* mbed::InterruptManager::add_common(void (*)(), IRQn_Type, bool)	80	static
InterruptManager.cpp:113:6:bool mbed::InterruptManager::remove_handler(mbed::pFunctionPointer_t, IRQn_Type)	32	static
InterruptManager.cpp:129:6:void mbed::InterruptManager::irq_helper()	24	static,ignoring_inline_asm
InterruptManager.cpp:134:5:int mbed::InterruptManager::get_irq_index(IRQn_Type)	8	static
InterruptManager.cpp:140:6:static void mbed::InterruptManager::static_irq_helper()	8	static
InterruptManager.cpp:145:6:void mbed::InterruptManager::lock()	16	static
InterruptManager.cpp:150:6:void mbed::InterruptManager::unlock()	16	static
NonCopyable.h:155:5:mbed::NonCopyable<T>::NonCopyable() [with T = PlatformMutex]	8	static
NonCopyable.h:159:5:mbed::NonCopyable<T>::~NonCopyable() [with T = PlatformMutex]	8	static
NonCopyable.h:155:5:mbed::NonCopyable<T>::NonCopyable() [with T = mbed::InterruptManager]	8	static
NonCopyable.h:159:5:mbed::NonCopyable<T>::~NonCopyable() [with T = mbed::InterruptManager]	8	static
Callback.h:82:5:mbed::Callback<R()>::Callback(R (*)()) [with R = void]	16	static
Callback.h:280:5:mbed::Callback<R()>::~Callback() [with R = void]	16	static
Callback.h:632:10:void mbed::Callback<R()>::generate(const F&) [with F = void (*)(); R = void]	16	static
Callback.h:649:14:static R mbed::Callback<R()>::function_call(const void*) [with F = void (*)(); R = void]	16	static
Callback.h:655:17:static void mbed::Callback<R()>::function_move(void*, const void*) [with F = void (*)(); R = void]	16	static
Callback.h:661:17:static void mbed::Callback<R()>::function_dtor(void*) [with F = void (*)(); R = void]	8	static
