MbedCRC.cpp:28:1:mbed::MbedCRC<polynomial, width>::MbedCRC(uint32_t, uint32_t, bool, bool) [with long unsigned int polynomial = 79764919; unsigned char width = 32]	24	static
MbedCRC.cpp:36:1:mbed::MbedCRC<polynomial, width>::MbedCRC(uint32_t, uint32_t, bool, bool) [with long unsigned int polynomial = 7; unsigned char width = 8]	24	static
MbedCRC.cpp:44:1:mbed::MbedCRC<polynomial, width>::MbedCRC(uint32_t, uint32_t, bool, bool) [with long unsigned int polynomial = 9; unsigned char width = 7]	24	static
MbedCRC.cpp:52:1:mbed::MbedCRC<polynomial, width>::MbedCRC(uint32_t, uint32_t, bool, bool) [with long unsigned int polynomial = 4129; unsigned char width = 16]	24	static
MbedCRC.cpp:60:1:mbed::MbedCRC<polynomial, width>::MbedCRC(uint32_t, uint32_t, bool, bool) [with long unsigned int polynomial = 32773; unsigned char width = 16]	24	static
MbedCRC.cpp:68:1:mbed::MbedCRC<polynomial, width>::MbedCRC() [with long unsigned int polynomial = 79764919; unsigned char width = 32]	16	static
MbedCRC.cpp:76:1:mbed::MbedCRC<polynomial, width>::MbedCRC() [with long unsigned int polynomial = 32773; unsigned char width = 16]	16	static
MbedCRC.cpp:84:1:mbed::MbedCRC<polynomial, width>::MbedCRC() [with long unsigned int polynomial = 4129; unsigned char width = 16]	16	static
MbedCRC.cpp:92:1:mbed::MbedCRC<polynomial, width>::MbedCRC() [with long unsigned int polynomial = 9; unsigned char width = 7]	16	static
MbedCRC.cpp:100:1:mbed::MbedCRC<polynomial, width>::MbedCRC() [with long unsigned int polynomial = 7; unsigned char width = 8]	16	static
MbedCRC.h:435:10:void mbed::MbedCRC<polynomial, width>::mbed_crc_ctor() [with long unsigned int polynomial = 79764919; unsigned char width = 32]	8	static
MbedCRC.h:435:10:void mbed::MbedCRC<polynomial, width>::mbed_crc_ctor() [with long unsigned int polynomial = 7; unsigned char width = 8]	8	static
MbedCRC.h:435:10:void mbed::MbedCRC<polynomial, width>::mbed_crc_ctor() [with long unsigned int polynomial = 9; unsigned char width = 7]	8	static
MbedCRC.h:435:10:void mbed::MbedCRC<polynomial, width>::mbed_crc_ctor() [with long unsigned int polynomial = 4129; unsigned char width = 16]	8	static
MbedCRC.h:435:10:void mbed::MbedCRC<polynomial, width>::mbed_crc_ctor() [with long unsigned int polynomial = 32773; unsigned char width = 16]	8	static
MbedCRC.h:125:13:mbed::MbedCRC<polynomial, width>::~MbedCRC() [with long unsigned int polynomial = 32773; unsigned char width = 16]	8	static
MbedCRC.h:125:13:mbed::MbedCRC<polynomial, width>::~MbedCRC() [with long unsigned int polynomial = 32773; unsigned char width = 16]	16	static
MbedCRC.h:125:13:mbed::MbedCRC<polynomial, width>::~MbedCRC() [with long unsigned int polynomial = 4129; unsigned char width = 16]	8	static
MbedCRC.h:125:13:mbed::MbedCRC<polynomial, width>::~MbedCRC() [with long unsigned int polynomial = 4129; unsigned char width = 16]	16	static
MbedCRC.h:125:13:mbed::MbedCRC<polynomial, width>::~MbedCRC() [with long unsigned int polynomial = 9; unsigned char width = 7]	8	static
MbedCRC.h:125:13:mbed::MbedCRC<polynomial, width>::~MbedCRC() [with long unsigned int polynomial = 9; unsigned char width = 7]	16	static
MbedCRC.h:125:13:mbed::MbedCRC<polynomial, width>::~MbedCRC() [with long unsigned int polynomial = 7; unsigned char width = 8]	8	static
MbedCRC.h:125:13:mbed::MbedCRC<polynomial, width>::~MbedCRC() [with long unsigned int polynomial = 7; unsigned char width = 8]	16	static
MbedCRC.h:125:13:mbed::MbedCRC<polynomial, width>::~MbedCRC() [with long unsigned int polynomial = 79764919; unsigned char width = 32]	8	static
MbedCRC.h:125:13:mbed::MbedCRC<polynomial, width>::~MbedCRC() [with long unsigned int polynomial = 79764919; unsigned char width = 32]	16	static
