serial_device.c:59:13:uart_irq	32	static
serial_device.c:122:13:uart6_irq	0	static
serial_device.c:94:13:uart2_irq	0	static
serial_device.c:87:13:uart1_irq	0	static
serial_device.c:156:6:serial_irq_handler	4	static
serial_device.c:164:6:serial_irq_set	8	static,ignoring_inline_asm
serial_device.c:269:5:serial_getc	16	static
serial_device.c:278:6:serial_putc	16	static
serial_device.c:287:6:serial_clear	0	static
serial_device.c:296:6:serial_break_set	0	static
serial_device.c:457:5:serial_tx_asynch	24	static,ignoring_inline_asm
serial_device.c:510:6:serial_rx_asynch	24	static,ignoring_inline_asm
serial_device.c:548:9:serial_tx_active	8	static
serial_device.c:564:9:serial_rx_active	8	static
serial_device.c:574:6:HAL_UART_TxCpltCallback	0	static
serial_device.c:581:6:HAL_UART_ErrorCallback	16	static
serial_device.c:678:6:serial_tx_abort_asynch	4	static
serial_device.c:705:6:serial_rx_abort_asynch	16	static
serial_device.c:600:5:serial_irq_handler_asynch	32	static
serial_device.c:740:6:serial_set_flow_control	24	static
