CallChain.cpp:21:5:mbed::CallChainLink::CallChainLink(mbed::Callback<void()>&)	16	static
CallChain.cpp:29:1:mbed::CallChain::CallChain(int)	16	static
CallChain.cpp:34:1:mbed::CallChain::~CallChain()	16	static
CallChain.cpp:34:1:virtual mbed::CallChain::~CallChain()	16	static
CallChain.cpp:39:20:mbed::Callback<void()>* mbed::CallChain::add(mbed::Callback<void()>)	24	static
CallChain.cpp:57:20:mbed::Callback<void()>* mbed::CallChain::add_front(mbed::Callback<void()>)	24	static
CallChain.cpp:65:5:int mbed::CallChain::size() const	16	static
CallChain.cpp:76:20:mbed::Callback<void()>* mbed::CallChain::get(int) const	16	static
CallChain.cpp:88:5:int mbed::CallChain::find(mbed::pFunctionPointer_t) const	16	static
CallChain.cpp:14:7:mbed::CallChainLink::~CallChainLink()	16	static
CallChain.cpp:102:6:void mbed::CallChain::clear()	24	static
CallChain.cpp:113:6:bool mbed::CallChain::remove(mbed::pFunctionPointer_t)	24	static
CallChain.cpp:126:6:void mbed::CallChain::call()	24	static
Callback.h:280:5:mbed::Callback<R()>::~Callback() [with R = void]	16	static
Callback.h:94:5:mbed::Callback<R()>::Callback(const mbed::Callback<R()>&) [with R = void]	16	static
NonCopyable.h:155:5:mbed::NonCopyable<T>::NonCopyable() [with T = mbed::CallChain]	8	static
NonCopyable.h:159:5:mbed::NonCopyable<T>::~NonCopyable() [with T = mbed::CallChain]	8	static
Callback.h:567:7:R mbed::Callback<R()>::call() const [with R = void]	16	static
