new:168:14:void* operator new(std::size_t, void*)	8	static
SingletonPtr.h:43:20:void singleton_lock()	0	static
SingletonPtr.h:56:20:void singleton_unlock()	0	static
PlatformMutex.h:36:5:PlatformMutex::PlatformMutex()	16	static
PlatformMutex.h:46:10:void PlatformMutex::lock()	8	static
PlatformMutex.h:51:10:void PlatformMutex::unlock()	8	static
FileBase.cpp:25:1:mbed::FileBase::FileBase(const char*, mbed::PathType)	24	static
FileBase.cpp:40:1:mbed::FileBase::~FileBase()	24	static
FileBase.cpp:40:1:virtual mbed::FileBase::~FileBase()	16	static
FileBase.cpp:63:11:static mbed::FileBase* mbed::FileBase::lookup(const char*, unsigned int)	24	static
FileBase.cpp:79:11:static mbed::FileBase* mbed::FileBase::get(int)	24	static
FileBase.cpp:97:13:const char* mbed::FileBase::getName()	8	static
FileBase.cpp:103:10:mbed::PathType mbed::FileBase::getPathType()	8	static
NonCopyable.h:155:5:mbed::NonCopyable<T>::NonCopyable() [with T = PlatformMutex]	8	static
NonCopyable.h:155:5:mbed::NonCopyable<T>::NonCopyable() [with T = mbed::FileBase]	8	static
NonCopyable.h:159:5:mbed::NonCopyable<T>::~NonCopyable() [with T = mbed::FileBase]	8	static
SingletonPtr.h:103:8:T* SingletonPtr<T>::operator->() [with T = PlatformMutex]	16	static
SingletonPtr.h:83:8:T* SingletonPtr<T>::get() [with T = PlatformMutex]	16	static
