new:168:14:void* operator new(std::size_t, void*)	8	static
SingletonPtr.h:43:20:void singleton_lock()	0	static
SingletonPtr.h:56:20:void singleton_unlock()	0	static
PlatformMutex.h:36:5:PlatformMutex::PlatformMutex()	16	static
PlatformMutex.h:46:10:void PlatformMutex::lock()	8	static
PlatformMutex.h:51:10:void PlatformMutex::unlock()	8	static
mbed_mem_trace.cpp:44:6:void mbed_mem_trace_set_callback(mbed_mem_trace_cb_t)	8	static
mbed_mem_trace.cpp:49:6:void mbed_mem_trace_lock()	8	static
mbed_mem_trace.cpp:55:6:void mbed_mem_trace_unlock()	8	static
mbed_mem_trace.cpp:61:7:void* mbed_mem_trace_malloc(void*, size_t, void*)	24	static
mbed_mem_trace.cpp:71:7:void* mbed_mem_trace_realloc(void*, void*, size_t, void*)	32	static
mbed_mem_trace.cpp:81:7:void* mbed_mem_trace_calloc(void*, size_t, size_t, void*)	32	static
mbed_mem_trace.cpp:91:6:void mbed_mem_trace_free(void*, void*)	16	static
mbed_mem_trace.cpp:100:6:)	40	static
NonCopyable.h:155:5:mbed::NonCopyable<T>::NonCopyable() [with T = PlatformMutex]	8	static
SingletonPtr.h:103:8:T* SingletonPtr<T>::operator->() [with T = PlatformMutex]	16	static
SingletonPtr.h:83:8:T* SingletonPtr<T>::get() [with T = PlatformMutex]	16	static
