stm32f4xx_hal_irda.c:218:19:HAL_IRDA_Init	16	static
stm32f4xx_hal_irda.c:279:19:HAL_IRDA_DeInit	16	static
stm32f4xx_hal_irda.c:315:13:HAL_IRDA_MspInit	16	static
stm32f4xx_hal_irda.c:330:13:HAL_IRDA_MspDeInit	16	static
stm32f4xx_hal_irda.c:402:19:HAL_IRDA_Transmit	40	static
stm32f4xx_hal_irda.c:484:19:HAL_IRDA_Receive	40	static
stm32f4xx_hal_irda.c:569:19:HAL_IRDA_Transmit_IT	24	static
stm32f4xx_hal_irda.c:609:19:HAL_IRDA_Receive_IT	24	static
stm32f4xx_hal_irda.c:653:19:HAL_IRDA_Transmit_DMA	32	static
stm32f4xx_hal_irda.c:717:19:HAL_IRDA_Receive_DMA	32	static
stm32f4xx_hal_irda.c:783:19:HAL_IRDA_DMAPause	24	static
stm32f4xx_hal_irda.c:820:19:HAL_IRDA_DMAResume	24	static
stm32f4xx_hal_irda.c:855:19:HAL_IRDA_DMAStop	24	static
stm32f4xx_hal_irda.c:906:19:HAL_IRDA_Abort	16	static
stm32f4xx_hal_irda.c:970:19:HAL_IRDA_AbortTransmit	16	static
stm32f4xx_hal_irda.c:1012:19:HAL_IRDA_AbortReceive	16	static
stm32f4xx_hal_irda.c:1057:19:HAL_IRDA_Abort_IT	24	static
stm32f4xx_hal_irda.c:1179:19:HAL_IRDA_AbortTransmit_IT	16	static
stm32f4xx_hal_irda.c:1244:19:HAL_IRDA_AbortReceive_IT	16	static
stm32f4xx_hal_irda.c:1302:6:HAL_IRDA_IRQHandler	40	static
stm32f4xx_hal_irda.c:1428:13:IRDA_EndTxTransfer	16	static
stm32f4xx_hal_irda.c:1442:13:IRDA_EndRxTransfer	16	static
stm32f4xx_hal_irda.c:1458:13:IRDA_DMAAbortOnError	24	static
stm32f4xx_hal_irda.c:1475:13:IRDA_DMATxAbortCallback	24	static
stm32f4xx_hal_irda.c:1513:13:IRDA_DMARxAbortCallback	24	static
stm32f4xx_hal_irda.c:1551:13:IRDA_DMATxOnlyAbortCallback	24	static
stm32f4xx_hal_irda.c:1572:13:IRDA_DMARxOnlyAbortCallback	24	static
stm32f4xx_hal_irda.c:1591:13:HAL_IRDA_TxCpltCallback	16	static
stm32f4xx_hal_irda.c:1606:13:HAL_IRDA_TxHalfCpltCallback	16	static
stm32f4xx_hal_irda.c:1621:13:HAL_IRDA_RxCpltCallback	16	static
stm32f4xx_hal_irda.c:1636:13:HAL_IRDA_RxHalfCpltCallback	16	static
stm32f4xx_hal_irda.c:1651:13:HAL_IRDA_ErrorCallback	16	static
stm32f4xx_hal_irda.c:1665:13:HAL_IRDA_AbortCpltCallback	16	static
stm32f4xx_hal_irda.c:1680:13:HAL_IRDA_AbortTransmitCpltCallback	16	static
stm32f4xx_hal_irda.c:1695:13:HAL_IRDA_AbortReceiveCpltCallback	16	static
stm32f4xx_hal_irda.c:1732:23:HAL_IRDA_GetState	24	static
stm32f4xx_hal_irda.c:1747:10:HAL_IRDA_GetError	16	static
stm32f4xx_hal_irda.c:1761:13:IRDA_DMATransmitCplt	24	static
stm32f4xx_hal_irda.c:1789:13:IRDA_DMATransmitHalfCplt	24	static
stm32f4xx_hal_irda.c:1801:13:IRDA_DMAReceiveCplt	24	static
stm32f4xx_hal_irda.c:1830:13:IRDA_DMAReceiveHalfCplt	24	static
stm32f4xx_hal_irda.c:1841:13:IRDA_DMAError	24	static
stm32f4xx_hal_irda.c:1877:26:IRDA_WaitOnFlagUntilTimeout	24	static
stm32f4xx_hal_irda.c:1910:26:IRDA_Transmit_IT	24	static
stm32f4xx_hal_irda.c:1958:26:IRDA_EndTransmit_IT	16	static
stm32f4xx_hal_irda.c:1980:26:IRDA_Receive_IT	24	static
stm32f4xx_hal_irda.c:2047:13:IRDA_SetConfig	24	static
