stm32f4xx_hal_def.h:130:21:atomic_set_u32	40	static,ignoring_inline_asm
stm32f4xx_ll_usb.c:103:19:USB_CoreInit	16	static
stm32f4xx_ll_usb.c:149:19:USB_EnableGlobalInt	16	static
stm32f4xx_ll_usb.c:162:19:USB_DisableGlobalInt	16	static
stm32f4xx_ll_usb.c:178:19:USB_SetCurrentMode	16	static
stm32f4xx_ll_usb.c:203:19:USB_DevInit	24	static
stm32f4xx_ll_usb.c:349:19:USB_FlushTxFifo	24	static
stm32f4xx_ll_usb.c:373:19:USB_FlushRxFifo	24	static
stm32f4xx_ll_usb.c:403:19:USB_SetDevSpeed	16	static
stm32f4xx_ll_usb.c:418:9:USB_GetDevSpeed	24	static
stm32f4xx_ll_usb.c:445:19:USB_ActivateEndpoint	16	static
stm32f4xx_ll_usb.c:475:19:USB_ActivateDedicatedEndpoint	16	static
stm32f4xx_ll_usb.c:518:19:USB_DeactivateEndpoint	24	static
stm32f4xx_ll_usb.c:589:19:USB_DeactivateDedicatedEndpoint	24	static
stm32f4xx_ll_usb.c:665:19:USB_EPStartXfer	40	static
stm32f4xx_ll_usb.c:789:19:USB_EP0StartXfer	24	static
stm32f4xx_ll_usb.c:881:19:USB_WritePacket	32	static
stm32f4xx_ll_usb.c:909:7:USB_ReadPacket	32	static
stm32f4xx_ll_usb.c:928:19:USB_EPSetStall	16	static
stm32f4xx_ll_usb.c:956:19:USB_EPClearStall	16	static
stm32f4xx_ll_usb.c:982:19:USB_StopDevice	24	static
stm32f4xx_ll_usb.c:1013:20:USB_SetDevAddress	16	static
stm32f4xx_ll_usb.c:1026:20:USB_DevConnect	16	static
stm32f4xx_ll_usb.c:1039:20:USB_DevDisconnect	16	static
stm32f4xx_ll_usb.c:1052:11:USB_ReadInterrupts	24	static
stm32f4xx_ll_usb.c:1066:10:USB_ReadDevAllOutEpInterrupt	24	static
stm32f4xx_ll_usb.c:1079:10:USB_ReadDevAllInEpInterrupt	24	static
stm32f4xx_ll_usb.c:1094:10:USB_ReadDevOutEPInterrupt	24	static
stm32f4xx_ll_usb.c:1109:10:USB_ReadDevInEPInterrupt	32	static
stm32f4xx_ll_usb.c:1126:7:USB_ClearInterrupts	16	static
stm32f4xx_ll_usb.c:1139:10:USB_GetMode	16	static
stm32f4xx_ll_usb.c:1150:20:USB_ActivateSetup	16	static
stm32f4xx_ll_usb.c:1175:19:USB_EP0_OutStart	24	static
stm32f4xx_ll_usb.c:1198:26:USB_CoreReset	24	static
stm32f4xx_ll_usb.c:1237:19:USB_HostInit	24	static
stm32f4xx_ll_usb.c:1326:19:USB_InitFSLSPClkSel	16	static
stm32f4xx_ll_usb.c:1349:19:USB_ResetPort	24	static
stm32f4xx_ll_usb.c:1372:19:USB_DriveVbus	24	static
stm32f4xx_ll_usb.c:1400:10:USB_GetHostSpeed	24	static
stm32f4xx_ll_usb.c:1413:10:USB_GetCurrentFrame	16	static
stm32f4xx_ll_usb.c:1442:19:USB_HC_Init	16	static
stm32f4xx_ll_usb.c:1547:19:USB_HC_StartXfer	48	static
stm32f4xx_ll_usb.c:1661:10:USB_HC_ReadInterrupt	16	static
stm32f4xx_ll_usb.c:1673:19:USB_HC_Halt	24	static
stm32f4xx_ll_usb.c:1734:19:USB_DoPing	24	static
stm32f4xx_ll_usb.c:1756:19:USB_StopHost	32	static
