stm32f4xx_hal_mmc.c:303:19:HAL_MMC_Init	16	static
stm32f4xx_hal_mmc.c:352:19:HAL_MMC_InitCard	72	static
stm32f4xx_hal_mmc.c:407:19:HAL_MMC_DeInit	16	static
stm32f4xx_hal_mmc.c:438:13:HAL_MMC_MspInit	16	static
stm32f4xx_hal_mmc.c:453:13:HAL_MMC_MspDeInit	16	static
stm32f4xx_hal_mmc.c:494:19:HAL_MMC_ReadBlocks	72	static
stm32f4xx_hal_mmc.c:682:19:HAL_MMC_WriteBlocks	64	static
stm32f4xx_hal_mmc.c:856:19:HAL_MMC_ReadBlocks_IT	56	static
stm32f4xx_hal_mmc.c:958:19:HAL_MMC_WriteBlocks_IT	56	static
stm32f4xx_hal_mmc.c:1061:19:HAL_MMC_ReadBlocks_DMA	56	static
stm32f4xx_hal_mmc.c:1179:19:HAL_MMC_WriteBlocks_DMA	56	static
stm32f4xx_hal_mmc.c:1294:19:HAL_MMC_Erase	32	static
stm32f4xx_hal_mmc.c:1390:6:HAL_MMC_IRQHandler	24	static
stm32f4xx_hal_mmc.c:1612:22:HAL_MMC_GetState	16	static
stm32f4xx_hal_mmc.c:1623:10:HAL_MMC_GetError	16	static
stm32f4xx_hal_mmc.c:1633:14:HAL_MMC_TxCpltCallback	16	static
stm32f4xx_hal_mmc.c:1648:13:HAL_MMC_RxCpltCallback	16	static
stm32f4xx_hal_mmc.c:1663:13:HAL_MMC_ErrorCallback	16	static
stm32f4xx_hal_mmc.c:1678:13:HAL_MMC_AbortCallback	16	static
stm32f4xx_hal_mmc.c:1716:19:HAL_MMC_GetCardCID	24	static
stm32f4xx_hal_mmc.c:1797:19:HAL_MMC_GetCardCSD	24	static
stm32f4xx_hal_mmc.c:1911:19:HAL_MMC_GetCardInfo	16	static
stm32f4xx_hal_mmc.c:1935:19:HAL_MMC_ConfigWideBusOperation	80	static
stm32f4xx_hal_mmc.c:2065:26:HAL_MMC_GetCardState	32	static
stm32f4xx_hal_mmc.c:2088:19:HAL_MMC_Abort	24	static
stm32f4xx_hal_mmc.c:2135:19:HAL_MMC_Abort_IT	24	static
stm32f4xx_hal_mmc.c:2211:13:MMC_DMATransmitCplt	24	static
stm32f4xx_hal_mmc.c:2224:13:MMC_DMAReceiveCplt	24	static
stm32f4xx_hal_mmc.c:2257:13:MMC_DMAError	24	static
stm32f4xx_hal_mmc.c:2289:13:MMC_DMATxAbort	24	static
stm32f4xx_hal_mmc.c:2326:13:MMC_DMARxAbort	24	static
stm32f4xx_hal_mmc.c:2364:17:MMC_InitCard	96	static
stm32f4xx_hal_mmc.c:2445:17:MMC_PowerON	32	static
stm32f4xx_hal_mmc.c:2499:26:MMC_PowerOFF	16	static
stm32f4xx_hal_mmc.c:2514:17:MMC_SendStatus	24	static
stm32f4xx_hal_mmc.c:2542:26:MMC_Read_IT	32	static
stm32f4xx_hal_mmc.c:2566:26:MMC_Write_IT	24	static
