core_cm4.h:1677:22:__NVIC_EnableIRQ	16	static
core_cm4.h:1713:22:__NVIC_DisableIRQ	16	static,ignoring_inline_asm
core_cm4.h:1766:22:__NVIC_ClearPendingIRQ	16	static
stm32f4xx_ll_exti.h:285:22:LL_EXTI_EnableIT_0_31	16	static
stm32f4xx_ll_exti.h:326:22:LL_EXTI_DisableIT_0_31	16	static
stm32f4xx_ll_exti.h:546:22:LL_EXTI_EnableRisingTrig_0_31	16	static
stm32f4xx_ll_exti.h:590:22:LL_EXTI_DisableRisingTrig_0_31	16	static
stm32f4xx_ll_exti.h:627:26:LL_EXTI_IsEnabledRisingTrig_0_31	16	static
stm32f4xx_ll_exti.h:678:22:LL_EXTI_EnableFallingTrig_0_31	16	static
stm32f4xx_ll_exti.h:720:22:LL_EXTI_DisableFallingTrig_0_31	16	static
stm32f4xx_ll_exti.h:756:26:LL_EXTI_IsEnabledFallingTrig_0_31	16	static
gpio_irq_api.c:76:13:handle_interrupt_in	40	static
gpio_irq_api.c:131:13:gpio_irq0	8	static
gpio_irq_api.c:138:13:gpio_irq1	8	static
gpio_irq_api.c:145:13:gpio_irq2	8	static
gpio_irq_api.c:152:13:gpio_irq3	8	static
gpio_irq_api.c:159:13:gpio_irq4	8	static
gpio_irq_api.c:166:13:gpio_irq5	8	static
gpio_irq_api.c:173:13:gpio_irq6	8	static
gpio_irq_api.c:182:5:gpio_irq_init	56	static
gpio_irq_api.c:266:6:gpio_irq_free	24	static
gpio_irq_api.c:278:6:gpio_irq_set	24	static
gpio_irq_api.c:301:6:gpio_irq_enable	32	static
gpio_irq_api.c:326:6:gpio_irq_disable	16	static
