core_cm4.h:1677:22:__NVIC_EnableIRQ	16	static
core_cm4.h:1805:22:__NVIC_SetPriority	16	static
i2c_api.c:85:13:i2c1_irq	16	static
i2c_api.c:93:13:i2c2_irq	16	static
i2c_api.c:101:13:i2c3_irq	16	static
i2c_api.c:125:6:i2c_ev_err_enable	32	static
i2c_api.c:153:6:i2c_ev_err_disable	24	static
i2c_api.c:163:10:i2c_get_irq_handler	32	static
i2c_api.c:201:6:i2c_hw_reset	32	static
i2c_api.c:244:6:i2c_sw_reset	24	static
i2c_api.c:261:6:i2c_init	40	static
i2c_api.c:353:6:i2c_frequency	32	static
i2c_api.c:437:8:get_i2c_obj	24	static
i2c_api.c:451:6:i2c_reset	24	static
i2c_api.c:466:5:i2c_start	32	static
i2c_api.c:499:5:i2c_stop	24	static
i2c_api.c:517:5:i2c_byte_read	32	static
i2c_api.c:543:5:i2c_byte_write	32	static
i2c_api.c:737:5:i2c_read	64	static
i2c_api.c:794:5:i2c_write	64	static
i2c_api.c:848:6:HAL_I2C_MasterTxCpltCallback	32	static
i2c_api.c:872:6:HAL_I2C_MasterRxCpltCallback	24	static
i2c_api.c:882:6:HAL_I2C_ErrorCallback	32	static
i2c_api.c:915:6:i2c_slave_address	32	static
i2c_api.c:929:6:i2c_slave_mode	24	static
i2c_api.c:951:6:HAL_I2C_AddrCallback	24	static
i2c_api.c:967:6:HAL_I2C_SlaveTxCpltCallback	24	static
i2c_api.c:975:6:HAL_I2C_SlaveRxCpltCallback	24	static
i2c_api.c:983:6:HAL_I2C_ListenCpltCallback	16	static
i2c_api.c:989:5:i2c_slave_receive	24	static
i2c_api.c:1006:5:i2c_slave_read	48	static
i2c_api.c:1032:5:i2c_slave_write	48	static
i2c_api.c:1062:6:HAL_I2C_AbortCpltCallback	32	static
i2c_api.c:1077:6:i2c_transfer_asynch	56	static
i2c_api.c:1145:10:i2c_irq_handler_asynch	24	static
i2c_api.c:1158:9:i2c_active	24	static
i2c_api.c:1171:6:i2c_abort_asynch	32	static
