mbed_debug.h:40:20:debug	4	static
core_cm4.h:1677:22:__NVIC_EnableIRQ	16	static
core_cm4.h:1713:22:__NVIC_DisableIRQ	16	static,ignoring_inline_asm
core_cm4.h:1766:22:__NVIC_ClearPendingIRQ	16	static
core_cm4.h:1805:22:__NVIC_SetPriority	16	static
stm32f4xx_ll_spi.h:748:26:LL_SPI_IsActiveFlag_RXNE	16	static
stm32f4xx_ll_spi.h:759:26:LL_SPI_IsActiveFlag_TXE	16	static
stm32f4xx_ll_spi.h:1093:25:LL_SPI_ReceiveData8	16	static
stm32f4xx_ll_spi.h:1104:26:LL_SPI_ReceiveData16	16	static
stm32f4xx_ll_spi.h:1116:22:LL_SPI_TransmitData8	16	static
stm32f4xx_ll_spi.h:1128:22:LL_SPI_TransmitData16	16	static
stm_spi_api.c:74:6:init_spi	24	static
stm_spi_api.c:96:6:spi_init	72	static
stm_spi_api.c:193:6:spi_free	24	static
stm_spi_api.c:260:6:spi_format	32	static
stm_spi_api.c:324:6:spi_frequency	40	static
stm_spi_api.c:354:19:ssp_readable	32	static
stm_spi_api.c:365:19:ssp_writeable	32	static
stm_spi_api.c:376:19:ssp_busy	32	static
stm_spi_api.c:385:5:spi_master_write	24	static
stm_spi_api.c:428:5:spi_master_block_write	48	static
stm_spi_api.c:462:5:spi_slave_receive	16	static
stm_spi_api.c:467:5:spi_slave_read	24	static
stm_spi_api.c:479:6:spi_slave_write	32	static
stm_spi_api.c:495:5:spi_busy	16	static
stm_spi_api.c:510:12:spi_master_start_asynch_transfer	48	static
stm_spi_api.c:569:6:spi_master_transfer	48	static
stm_spi_api.c:623:17:spi_irq_handler_asynch	24	static
stm_spi_api.c:654:9:spi_active	32	static
stm_spi_api.c:670:6:spi_abort_asynch	32	static
