core_cm4.h:1677:22:__NVIC_EnableIRQ	16	static
core_cm4.h:1713:22:__NVIC_DisableIRQ	16	static,ignoring_inline_asm
core_cm4.h:1766:22:__NVIC_ClearPendingIRQ	16	static
core_cm4.h:1805:22:__NVIC_SetPriority	16	static
serial_device.c:59:13:uart_irq	32	static
serial_device.c:87:13:uart1_irq	8	static
serial_device.c:94:13:uart2_irq	8	static
serial_device.c:122:13:uart6_irq	8	static
serial_device.c:156:6:serial_irq_handler	32	static
serial_device.c:164:6:serial_irq_set	48	static
serial_device.c:269:5:serial_getc	24	static
serial_device.c:278:6:serial_putc	24	static
serial_device.c:287:6:serial_clear	24	static
serial_device.c:296:6:serial_break_set	24	static
serial_device.c:317:13:serial_tx_buffer_set	24	static
serial_device.c:338:13:serial_rx_buffer_set	24	static
serial_device.c:359:13:serial_enable_event	32	static
serial_device.c:378:18:serial_get_irq_n	24	static
serial_device.c:457:5:serial_tx_asynch	40	static
serial_device.c:510:6:serial_rx_asynch	40	static
serial_device.c:548:9:serial_tx_active	24	static
serial_device.c:564:9:serial_rx_active	24	static
serial_device.c:574:6:HAL_UART_TxCpltCallback	16	static
serial_device.c:581:6:HAL_UART_ErrorCallback	32	static
serial_device.c:600:5:serial_irq_handler_asynch	40	static
serial_device.c:678:6:serial_tx_abort_asynch	24	static
serial_device.c:705:6:serial_rx_abort_asynch	32	static
serial_device.c:740:6:serial_set_flow_control	40	static
