new:168:14:void* operator new(std::size_t, void*)	16	static
FileHandle.h:47:13:mbed::FileHandle::~FileHandle()	16	static
FileHandle.h:47:13:virtual mbed::FileHandle::~FileHandle()	16	static
FileHandle.h:120:19:virtual off_t mbed::FileHandle::tell()	16	static
FileHandle.h:129:18:virtual void mbed::FileHandle::rewind()	16	static
FileHandle.h:153:19:virtual off_t mbed::FileHandle::lseek(off_t, int)	24	static
FileHandle.h:167:17:virtual int mbed::FileHandle::fsync()	16	static
FileHandle.h:179:19:virtual off_t mbed::FileHandle::flen()	16	static
PlatformMutex.h:36:5:PlatformMutex::PlatformMutex()	16	static
PlatformMutex.h:41:5:PlatformMutex::~PlatformMutex()	16	static
PlatformMutex.h:46:10:void PlatformMutex::lock()	16	static
PlatformMutex.h:51:10:void PlatformMutex::unlock()	16	static
UARTSerial.h:141:17:virtual int mbed::UARTSerial::set_blocking(bool)	16	static
UARTSerial.h:151:18:virtual bool mbed::UARTSerial::is_blocking() const	16	static
FileHandle.h:45:7:mbed::FileHandle::FileHandle()	16	static
UARTSerial.cpp:31:1:mbed::UARTSerial::UARTSerial(PinName, PinName, int)	56	static
UARTSerial.cpp:42:1:mbed::UARTSerial::~UARTSerial()	16	static
UARTSerial.cpp:42:1:virtual mbed::UARTSerial::~UARTSerial()	16	static
UARTSerial.cpp:47:6:void mbed::UARTSerial::dcd_irq()	16	static
UARTSerial.cpp:52:6:void mbed::UARTSerial::set_baud(int)	16	static
UARTSerial.cpp:57:6:void mbed::UARTSerial::set_data_carrier_detect(PinName, bool)	72	static
UARTSerial.cpp:72:6:void mbed::UARTSerial::set_format(int, mbed::SerialBase::Parity, int)	24	static
UARTSerial.cpp:80:6:void mbed::UARTSerial::set_flow_control(mbed::SerialBase::Flow, PinName, PinName)	24	static
UARTSerial.cpp:88:5:virtual int mbed::UARTSerial::close()	16	static
UARTSerial.cpp:95:5:virtual int mbed::UARTSerial::isatty()	16	static
UARTSerial.cpp:101:7:virtual off_t mbed::UARTSerial::seek(off_t, int)	24	static
UARTSerial.cpp:108:5:virtual int mbed::UARTSerial::sync()	16	static
UARTSerial.cpp:124:6:virtual void mbed::UARTSerial::sigio(mbed::Callback<void()>)	24	static
UARTSerial.cpp:137:9:virtual ssize_t mbed::UARTSerial::write(const void*, size_t)	64	static
UARTSerial.cpp:185:9:virtual ssize_t mbed::UARTSerial::read(void*, size_t)	64	static
UARTSerial.cpp:227:6:bool mbed::UARTSerial::hup() const	16	static
UARTSerial.cpp:232:6:void mbed::UARTSerial::wake()	16	static
UARTSerial.cpp:239:7:virtual short int mbed::UARTSerial::poll(short int) const	24	static
UARTSerial.cpp:262:6:virtual void mbed::UARTSerial::lock()	16	static
UARTSerial.cpp:269:6:virtual void mbed::UARTSerial::unlock()	16	static
UARTSerial.cpp:274:6:virtual void mbed::UARTSerial::api_lock()	16	static
UARTSerial.cpp:279:6:virtual void mbed::UARTSerial::api_unlock()	16	static
UARTSerial.cpp:284:6:void mbed::UARTSerial::rx_irq()	48	static
UARTSerial.cpp:307:6:void mbed::UARTSerial::tx_irq()	48	static
UARTSerial.cpp:329:6:void mbed::UARTSerial::wait_ms(uint32_t)	16	static
NonCopyable.h:159:5:mbed::NonCopyable<T>::~NonCopyable() [with T = mbed::FileHandle]	16	static
NonCopyable.h:155:5:mbed::NonCopyable<T>::NonCopyable() [with T = PlatformMutex]	16	static
NonCopyable.h:159:5:mbed::NonCopyable<T>::~NonCopyable() [with T = PlatformMutex]	16	static
NonCopyable.h:155:5:mbed::NonCopyable<T>::NonCopyable() [with T = mbed::FileHandle]	16	static
NonCopyable.h:155:5:mbed::NonCopyable<T>::NonCopyable() [with T = mbed::UARTSerial]	16	static
NonCopyable.h:159:5:mbed::NonCopyable<T>::~NonCopyable() [with T = mbed::UARTSerial]	16	static
CircularBuffer.h:67:5:mbed::CircularBuffer<T, BufferSize, CounterType>::CircularBuffer() [with T = char; long unsigned int BufferSize = 256; CounterType = long unsigned int]	16	static
CircularBuffer.h:81:5:mbed::CircularBuffer<T, BufferSize, CounterType>::~CircularBuffer() [with T = char; long unsigned int BufferSize = 256; CounterType = long unsigned int]	16	static
Callback.h:82:5:mbed::Callback<R()>::Callback(R (*)()) [with R = void]	16	static
Callback.h:280:5:mbed::Callback<R()>::~Callback() [with R = void]	16	static
Callback.h:3864:15:mbed::Callback<R()> mbed::callback(U*, R (T::*)()) [with T = mbed::UARTSerial; U = mbed::UARTSerial; R = void]	24	static
Callback.h:94:5:mbed::Callback<R()>::Callback(const mbed::Callback<R()>&) [with R = void]	16	static
CircularBuffer.h:128:10:bool mbed::CircularBuffer<T, BufferSize, CounterType>::empty() const [with T = char; long unsigned int BufferSize = 256; CounterType = long unsigned int]	24	static
Callback.h:555:15:mbed::Callback<R()>& mbed::Callback<R()>::operator=(const mbed::Callback<R()>&) [with R = void]	16	static
Callback.h:582:5:mbed::Callback<R()>::operator bool() const [with R = void]	16	static
Callback.h:575:7:R mbed::Callback<R()>::operator()() const [with R = void]	16	static
CircularBuffer.h:140:10:bool mbed::CircularBuffer<T, BufferSize, CounterType>::full() const [with T = char; long unsigned int BufferSize = 256; CounterType = long unsigned int]	24	static
CircularBuffer.h:90:10:void mbed::CircularBuffer<T, BufferSize, CounterType>::push(const T&) [with T = char; long unsigned int BufferSize = 256; CounterType = long unsigned int]	16	static
CircularBuffer.h:110:10:bool mbed::CircularBuffer<T, BufferSize, CounterType>::pop(T&) [with T = char; long unsigned int BufferSize = 256; CounterType = long unsigned int]	24	static
Callback.h:632:10:void mbed::Callback<R()>::generate(const F&) [with F = void (*)(); R = void]	16	static
Callback.h:107:5:mbed::Callback<R()>::Callback(U*, R (T::*)()) [with T = mbed::UARTSerial; U = mbed::UARTSerial; R = void]	40	static
Callback.h:567:7:R mbed::Callback<R()>::call() const [with R = void]	16	static
Callback.h:649:14:static R mbed::Callback<R()>::function_call(const void*) [with F = void (*)(); R = void]	16	static
Callback.h:655:17:static void mbed::Callback<R()>::function_move(void*, const void*) [with F = void (*)(); R = void]	16	static
Callback.h:661:17:static void mbed::Callback<R()>::function_dtor(void*) [with F = void (*)(); R = void]	16	static
Callback.h:672:9:mbed::Callback<R()>::method_context<O, M>::method_context(O*, M) [with O = mbed::UARTSerial; M = void (mbed::UARTSerial::*)(); R = void]	24	static
Callback.h:632:10:void mbed::Callback<R()>::generate(const F&) [with F = mbed::Callback<void()>::method_context<mbed::UARTSerial, void (mbed::UARTSerial::*)()>; R = void]	16	static
Callback.h:649:14:static R mbed::Callback<R()>::function_call(const void*) [with F = mbed::Callback<void()>::method_context<mbed::UARTSerial, void (mbed::UARTSerial::*)()>; R = void]	16	static
Callback.h:655:17:static void mbed::Callback<R()>::function_move(void*, const void*) [with F = mbed::Callback<void()>::method_context<mbed::UARTSerial, void (mbed::UARTSerial::*)()>; R = void]	16	static
Callback.h:661:17:static void mbed::Callback<R()>::function_dtor(void*) [with F = mbed::Callback<void()>::method_context<mbed::UARTSerial, void (mbed::UARTSerial::*)()>; R = void]	16	static
Callback.h:675:11:R mbed::Callback<R()>::method_context<O, M>::operator()() const [with O = mbed::UARTSerial; M = void (mbed::UARTSerial::*)(); R = void]	16	static
