gpio_object.h:58:20:void gpio_write(gpio_t*, int)	16	static
DigitalOut.h:53:5:mbed::DigitalOut::DigitalOut(PinName)	16	static
DigitalOut.h:75:10:void mbed::DigitalOut::write(int)	16	static
DigitalOut.h:108:17:mbed::DigitalOut& mbed::DigitalOut::operator=(int)	16	static
FileHandle.h:153:19:virtual off_t mbed::FileHandle::lseek(off_t, int)	24	static
FileHandle.h:167:17:virtual int mbed::FileHandle::fsync()	16	static
FileHandle.h:179:19:virtual off_t mbed::FileHandle::flen()	16	static
FileHandle.h:193:17:virtual int mbed::FileHandle::set_blocking(bool)	16	static
FileHandle.h:202:18:virtual bool mbed::FileHandle::is_blocking() const	16	static
FileHandle.h:217:19:virtual short int mbed::FileHandle::poll(short int) const	16	static
FileHandle.h:262:18:virtual void mbed::FileHandle::sigio(mbed::Callback<void()>)	16	static
Stream.h:80:18:virtual void mbed::Stream::lock()	16	static
Stream.h:87:18:virtual void mbed::Stream::unlock()	16	static
TextLCD.cpp:56:1:TextLCD_Base::TextLCD_Base(TextLCD_Base::LCDType, TextLCD_Base::LCDCtrl)	24	static
TextLCD.cpp:78:6:void TextLCD_Base::_init(TextLCD_Base::_LCDDatalength)	16	static
TextLCD.cpp:110:6:void TextLCD_Base::_initCtrl(TextLCD_Base::_LCDDatalength)	24	static
TextLCD.cpp:1485:6:void TextLCD_Base::cls()	16	static
TextLCD.cpp:1530:6:void TextLCD_Base::locate(int, int)	24	static
TextLCD.cpp:1543:5:virtual int TextLCD_Base::_putc(int)	32	static
TextLCD.cpp:1607:5:virtual int TextLCD_Base::_getc()	16	static
TextLCD.cpp:1730:6:void TextLCD_Base::_writeNibble(int)	16	static
TextLCD.cpp:1742:6:virtual void TextLCD_Base::_writeByte(int)	16	static
TextLCD.cpp:1761:6:void TextLCD_Base::_writeCommand(int)	16	static
TextLCD.cpp:1771:6:void TextLCD_Base::_writeData(int)	16	static
TextLCD.cpp:1784:5:int TextLCD_Base::_address(int, int)	24	static
TextLCD.cpp:1798:5:int TextLCD_Base::getAddress(int, int)	24	static
TextLCD.cpp:1959:6:void TextLCD_Base::setAddress(int, int)	32	static
TextLCD.cpp:1993:5:int TextLCD_Base::columns()	16	static
TextLCD.cpp:2006:5:int TextLCD_Base::rows()	16	static
TextLCD.cpp:2017:6:void TextLCD_Base::setCursor(TextLCD_Base::LCDCursor)	16	static
TextLCD.cpp:2030:6:void TextLCD_Base::setMode(TextLCD_Base::LCDMode)	16	static
TextLCD.cpp:2078:6:void TextLCD_Base::_setCursorAndDisplayMode(TextLCD_Base::LCDMode, TextLCD_Base::LCDCursor)	16	static
TextLCD.cpp:2096:6:void TextLCD_Base::setBacklight(TextLCD_Base::LCDBacklight)	16	static
TextLCD.cpp:2122:6:void TextLCD_Base::setUDC(unsigned char, char*)	32	static
TextLCD.cpp:2159:6:void TextLCD_Base::_setUDC(unsigned char, char*)	32	static
TextLCD.cpp:2199:6:void TextLCD_Base::setUDCBlink(TextLCD_Base::LCDBlink)	16	static
TextLCD.cpp:2318:6:void TextLCD_Base::setContrast(unsigned char)	16	static
TextLCD.cpp:2390:6:void TextLCD_Base::setPower(bool)	16	static
TextLCD.cpp:2467:6:void TextLCD_Base::setOrient(TextLCD_Base::LCDOrient)	16	static
TextLCD.cpp:2584:6:void TextLCD_Base::setBigFont(TextLCD_Base::LCDBigFont)	16	static
TextLCD.cpp:2800:6:void TextLCD_Base::setIcon(unsigned char, unsigned char)	24	static
TextLCD.cpp:2900:6:void TextLCD_Base::clrIcon()	40	static
TextLCD.cpp:3034:6:void TextLCD_Base::setInvert(bool)	16	static
TextLCD.h:175:7:TextLCD_Base::~TextLCD_Base()	16	static
TextLCD.h:175:7:virtual TextLCD_Base::~TextLCD_Base()	16	static
TextLCD.cpp:3101:1:TextLCD::TextLCD(PinName, PinName, PinName, PinName, PinName, PinName, TextLCD_Base::LCDType, PinName, PinName, TextLCD_Base::LCDCtrl)	88	static
TextLCD.cpp:3135:1:TextLCD::~TextLCD()	16	static
TextLCD.cpp:3135:1:virtual TextLCD::~TextLCD()	16	static
TextLCD.cpp:3146:6:virtual void TextLCD::_setEnable(bool)	16	static
TextLCD.cpp:3168:6:virtual void TextLCD::_setRS(bool)	16	static
TextLCD.cpp:3184:6:virtual void TextLCD::_setBL(bool)	16	static
TextLCD.cpp:3196:6:virtual void TextLCD::_setData(int)	16	static
TextLCD.cpp:3212:1:TextLCD_I2C::TextLCD_I2C(mbed::I2C*, char, TextLCD_Base::LCDType, TextLCD_Base::LCDCtrl)	32	static
TextLCD.cpp:3260:6:void TextLCD_I2C::_setEnableBit(bool)	16	static
TextLCD.cpp:3293:6:virtual void TextLCD_I2C::_setEnable(bool)	24	static
TextLCD.cpp:3314:6:virtual void TextLCD_I2C::_setRS(bool)	24	static
TextLCD.cpp:3338:6:virtual void TextLCD_I2C::_setBL(bool)	24	static
TextLCD.cpp:3396:6:void TextLCD_I2C::_setDataBits(int)	16	static
TextLCD.cpp:3422:6:virtual void TextLCD_I2C::_setData(int)	24	static
TextLCD.cpp:3443:6:void TextLCD_I2C::_writeRegister(int, int)	40	static
TextLCD.cpp:3454:6:virtual void TextLCD_I2C::_writeByte(int)	32	static
TextLCD.cpp:3515:1:TextLCD_SPI::TextLCD_SPI(mbed::SPI*, PinName, TextLCD_Base::LCDType, TextLCD_Base::LCDCtrl)	24	static
TextLCD.cpp:3543:6:virtual void TextLCD_SPI::_setEnable(bool)	16	static
TextLCD.cpp:3570:6:virtual void TextLCD_SPI::_setRS(bool)	16	static
TextLCD.cpp:3587:6:virtual void TextLCD_SPI::_setBL(bool)	16	static
TextLCD.cpp:3604:6:virtual void TextLCD_SPI::_setData(int)	16	static
TextLCD.cpp:3656:1:TextLCD_I2C_N::TextLCD_I2C_N(mbed::I2C*, char, TextLCD_Base::LCDType, PinName, TextLCD_Base::LCDCtrl)	32	static
TextLCD.cpp:3687:1:TextLCD_I2C_N::~TextLCD_I2C_N()	16	static
TextLCD.cpp:3687:1:virtual TextLCD_I2C_N::~TextLCD_I2C_N()	16	static
TextLCD.cpp:3692:6:virtual void TextLCD_I2C_N::_setEnable(bool)	16	static
TextLCD.cpp:3697:6:virtual void TextLCD_I2C_N::_setRS(bool)	16	static
TextLCD.cpp:3717:6:virtual void TextLCD_I2C_N::_setBL(bool)	16	static
TextLCD.cpp:3724:6:virtual void TextLCD_I2C_N::_setData(int)	16	static
TextLCD.cpp:3728:6:virtual void TextLCD_I2C_N::_writeByte(int)	32	static
TextLCD.cpp:3768:1:TextLCD_SPI_N::TextLCD_SPI_N(mbed::SPI*, PinName, PinName, TextLCD_Base::LCDType, PinName, TextLCD_Base::LCDCtrl)	32	static
TextLCD.cpp:3809:1:TextLCD_SPI_N::~TextLCD_SPI_N()	16	static
TextLCD.cpp:3809:1:virtual TextLCD_SPI_N::~TextLCD_SPI_N()	16	static
TextLCD.cpp:3814:6:virtual void TextLCD_SPI_N::_setEnable(bool)	16	static
TextLCD.cpp:3819:6:virtual void TextLCD_SPI_N::_setRS(bool)	16	static
TextLCD.cpp:3824:6:virtual void TextLCD_SPI_N::_setBL(bool)	16	static
TextLCD.cpp:3831:6:virtual void TextLCD_SPI_N::_setData(int)	16	static
TextLCD.cpp:3835:6:virtual void TextLCD_SPI_N::_writeByte(int)	16	static
TextLCD.cpp:3859:1:TextLCD_SPI_N_3_8::TextLCD_SPI_N_3_8(mbed::SPI*, PinName, TextLCD_Base::LCDType, PinName, TextLCD_Base::LCDCtrl)	32	static
TextLCD.cpp:3899:1:TextLCD_SPI_N_3_8::~TextLCD_SPI_N_3_8()	16	static
TextLCD.cpp:3899:1:virtual TextLCD_SPI_N_3_8::~TextLCD_SPI_N_3_8()	16	static
TextLCD.cpp:3904:6:virtual void TextLCD_SPI_N_3_8::_setEnable(bool)	16	static
TextLCD.cpp:3909:6:virtual void TextLCD_SPI_N_3_8::_setRS(bool)	16	static
TextLCD.cpp:3920:6:virtual void TextLCD_SPI_N_3_8::_setBL(bool)	16	static
TextLCD.cpp:3927:6:virtual void TextLCD_SPI_N_3_8::_setData(int)	16	static
TextLCD.cpp:3931:6:virtual void TextLCD_SPI_N_3_8::_writeByte(int)	16	static
TextLCD.cpp:3992:1:TextLCD_SPI_N_3_9::TextLCD_SPI_N_3_9(mbed::SPI*, PinName, TextLCD_Base::LCDType, PinName, TextLCD_Base::LCDCtrl)	32	static
TextLCD.cpp:4024:1:TextLCD_SPI_N_3_9::~TextLCD_SPI_N_3_9()	16	static
TextLCD.cpp:4024:1:virtual TextLCD_SPI_N_3_9::~TextLCD_SPI_N_3_9()	16	static
TextLCD.cpp:4029:6:virtual void TextLCD_SPI_N_3_9::_setEnable(bool)	16	static
TextLCD.cpp:4034:6:virtual void TextLCD_SPI_N_3_9::_setRS(bool)	16	static
TextLCD.cpp:4051:6:virtual void TextLCD_SPI_N_3_9::_setBL(bool)	16	static
TextLCD.cpp:4058:6:virtual void TextLCD_SPI_N_3_9::_setData(int)	16	static
TextLCD.cpp:4062:6:virtual void TextLCD_SPI_N_3_9::_writeByte(int)	16	static
TextLCD.cpp:4084:1:TextLCD_SPI_N_3_10::TextLCD_SPI_N_3_10(mbed::SPI*, PinName, TextLCD_Base::LCDType, PinName, TextLCD_Base::LCDCtrl)	32	static
TextLCD.cpp:4116:1:TextLCD_SPI_N_3_10::~TextLCD_SPI_N_3_10()	16	static
TextLCD.cpp:4116:1:virtual TextLCD_SPI_N_3_10::~TextLCD_SPI_N_3_10()	16	static
TextLCD.cpp:4121:6:virtual void TextLCD_SPI_N_3_10::_setEnable(bool)	16	static
TextLCD.cpp:4126:6:virtual void TextLCD_SPI_N_3_10::_setRS(bool)	16	static
TextLCD.cpp:4144:6:virtual void TextLCD_SPI_N_3_10::_setBL(bool)	16	static
TextLCD.cpp:4151:6:virtual void TextLCD_SPI_N_3_10::_setData(int)	16	static
TextLCD.cpp:4155:6:virtual void TextLCD_SPI_N_3_10::_writeByte(int)	16	static
TextLCD.cpp:4177:1:TextLCD_SPI_N_3_16::TextLCD_SPI_N_3_16(mbed::SPI*, PinName, TextLCD_Base::LCDType, PinName, TextLCD_Base::LCDCtrl)	32	static
TextLCD.cpp:4209:1:TextLCD_SPI_N_3_16::~TextLCD_SPI_N_3_16()	16	static
TextLCD.cpp:4209:1:virtual TextLCD_SPI_N_3_16::~TextLCD_SPI_N_3_16()	16	static
TextLCD.cpp:4214:6:virtual void TextLCD_SPI_N_3_16::_setEnable(bool)	16	static
TextLCD.cpp:4219:6:virtual void TextLCD_SPI_N_3_16::_setRS(bool)	16	static
TextLCD.cpp:4238:6:virtual void TextLCD_SPI_N_3_16::_setBL(bool)	16	static
TextLCD.cpp:4245:6:virtual void TextLCD_SPI_N_3_16::_setData(int)	16	static
TextLCD.cpp:4249:6:virtual void TextLCD_SPI_N_3_16::_writeByte(int)	16	static
TextLCD.cpp:4275:1:TextLCD_SPI_N_3_24::TextLCD_SPI_N_3_24(mbed::SPI*, PinName, TextLCD_Base::LCDType, PinName, TextLCD_Base::LCDCtrl)	32	static
TextLCD.cpp:4307:1:TextLCD_SPI_N_3_24::~TextLCD_SPI_N_3_24()	16	static
TextLCD.cpp:4307:1:virtual TextLCD_SPI_N_3_24::~TextLCD_SPI_N_3_24()	16	static
TextLCD.cpp:4312:6:virtual void TextLCD_SPI_N_3_24::_setEnable(bool)	16	static
TextLCD.cpp:4317:6:virtual void TextLCD_SPI_N_3_24::_setRS(bool)	16	static
TextLCD.cpp:4337:6:virtual void TextLCD_SPI_N_3_24::_setBL(bool)	16	static
TextLCD.cpp:4344:6:virtual void TextLCD_SPI_N_3_24::_setData(int)	16	static
TextLCD.cpp:4351:6:virtual void TextLCD_SPI_N_3_24::_writeByte(int)	16	static
TextLCD.h:835:7:TextLCD_SPI::~TextLCD_SPI()	16	static
TextLCD.h:835:7:virtual TextLCD_SPI::~TextLCD_SPI()	16	static
TextLCD.h:755:7:TextLCD_I2C::~TextLCD_I2C()	16	static
TextLCD.h:755:7:virtual TextLCD_I2C::~TextLCD_I2C()	16	static
