mbed_debug.h:59:20:)	12	static
new:168:14:void* operator new(std::size_t, void*)	16	static
FileHandle.h:240:10:bool mbed::FileHandle::readable() const	16	static
ATCmdParser.cpp:40:5:int mbed::ATCmdParser::putc(char)	32	static
ATCmdParser.cpp:54:5:int mbed::ATCmdParser::getc()	32	static
ATCmdParser.cpp:69:6:void mbed::ATCmdParser::flush()	24	static
ATCmdParser.cpp:79:5:int mbed::ATCmdParser::write(const char*, int)	32	static
ATCmdParser.cpp:90:5:int mbed::ATCmdParser::read(char*, int)	32	static
ATCmdParser.cpp:105:5:int mbed::ATCmdParser::vprintf(const char*, va_list)	32	static
ATCmdParser.cpp:121:5:int mbed::ATCmdParser::vscanf(const char*, va_list)	48	static
ATCmdParser.cpp:184:6:bool mbed::ATCmdParser::vsend(const char*, va_list)	32	static
ATCmdParser.cpp:208:6:bool mbed::ATCmdParser::vrecv(const char*, va_list)	56	static
ATCmdParser.cpp:332:5:)	28	static
ATCmdParser.cpp:341:5:)	28	static
ATCmdParser.cpp:350:6:)	28	static
ATCmdParser.cpp:359:6:)	28	static
ATCmdParser.h:72:12:mbed::ATCmdParser::oob::oob()	16	static
ATCmdParser.cpp:369:6:void mbed::ATCmdParser::oob(const char*, mbed::Callback<void()>)	40	static
ATCmdParser.cpp:379:6:void mbed::ATCmdParser::abort()	16	static
ATCmdParser.cpp:384:6:bool mbed::ATCmdParser::process_oob()	32	static
Callback.h:82:5:mbed::Callback<R()>::Callback(R (*)()) [with R = void]	16	static
Callback.h:280:5:mbed::Callback<R()>::~Callback() [with R = void]	16	static
Callback.h:94:5:mbed::Callback<R()>::Callback(const mbed::Callback<R()>&) [with R = void]	16	static
Callback.h:555:15:mbed::Callback<R()>& mbed::Callback<R()>::operator=(const mbed::Callback<R()>&) [with R = void]	16	static
Callback.h:567:7:R mbed::Callback<R()>::call() const [with R = void]	16	static
Callback.h:575:7:R mbed::Callback<R()>::operator()() const [with R = void]	16	static
Callback.h:632:10:void mbed::Callback<R()>::generate(const F&) [with F = void (*)(); R = void]	16	static
Callback.h:649:14:static R mbed::Callback<R()>::function_call(const void*) [with F = void (*)(); R = void]	16	static
Callback.h:655:17:static void mbed::Callback<R()>::function_move(void*, const void*) [with F = void (*)(); R = void]	16	static
Callback.h:661:17:static void mbed::Callback<R()>::function_dtor(void*) [with F = void (*)(); R = void]	16	static
