stm32f4xx_hal_mmc.c:2211:13:MMC_DMATransmitCplt	0	static
stm32f4xx_hal_mmc.c:438:13:HAL_MMC_MspInit	0	static
stm32f4xx_hal_mmc.c:453:13:HAL_MMC_MspDeInit	0	static
stm32f4xx_hal_mmc.c:407:19:HAL_MMC_DeInit	8	static
stm32f4xx_hal_mmc.c:494:19:HAL_MMC_ReadBlocks	56	static
stm32f4xx_hal_mmc.c:682:19:HAL_MMC_WriteBlocks	56	static
stm32f4xx_hal_mmc.c:856:19:HAL_MMC_ReadBlocks_IT	48	static
stm32f4xx_hal_mmc.c:958:19:HAL_MMC_WriteBlocks_IT	48	static
stm32f4xx_hal_mmc.c:1061:19:HAL_MMC_ReadBlocks_DMA	56	static
stm32f4xx_hal_mmc.c:1179:19:HAL_MMC_WriteBlocks_DMA	48	static
stm32f4xx_hal_mmc.c:1294:19:HAL_MMC_Erase	32	static
stm32f4xx_hal_mmc.c:1612:22:HAL_MMC_GetState	0	static
stm32f4xx_hal_mmc.c:1623:10:HAL_MMC_GetError	0	static
stm32f4xx_hal_mmc.c:1633:14:HAL_MMC_TxCpltCallback	0	static
stm32f4xx_hal_mmc.c:1648:13:HAL_MMC_RxCpltCallback	0	static
stm32f4xx_hal_mmc.c:1663:13:HAL_MMC_ErrorCallback	0	static
stm32f4xx_hal_mmc.c:2224:13:MMC_DMAReceiveCplt	16	static
stm32f4xx_hal_mmc.c:1678:13:HAL_MMC_AbortCallback	0	static
stm32f4xx_hal_mmc.c:1716:19:HAL_MMC_GetCardCID	8	static
stm32f4xx_hal_mmc.c:1797:19:HAL_MMC_GetCardCSD	16	static
stm32f4xx_hal_mmc.c:352:19:HAL_MMC_InitCard	120	static
stm32f4xx_hal_mmc.c:303:19:HAL_MMC_Init	8	static
stm32f4xx_hal_mmc.c:1911:19:HAL_MMC_GetCardInfo	12	static
stm32f4xx_hal_mmc.c:1935:19:HAL_MMC_ConfigWideBusOperation	72	static
stm32f4xx_hal_mmc.c:2065:26:HAL_MMC_GetCardState	8	static
stm32f4xx_hal_mmc.c:2257:13:MMC_DMAError	8	static
stm32f4xx_hal_mmc.c:2289:13:MMC_DMATxAbort	16	static
stm32f4xx_hal_mmc.c:2326:13:MMC_DMARxAbort	16	static
stm32f4xx_hal_mmc.c:1390:6:HAL_MMC_IRQHandler	16	static
stm32f4xx_hal_mmc.c:2088:19:HAL_MMC_Abort	8	static
stm32f4xx_hal_mmc.c:2135:19:HAL_MMC_Abort_IT	16	static
