stm32f4xx_hal_spi.c:3216:13:SPI_AbortRx_ISR	8	static
stm32f4xx_hal_spi.c:3251:13:SPI_AbortTx_ISR	0	static
stm32f4xx_hal_spi.c:2972:26:SPI_WaitTXEFlagStateUntilTimeout.part.0	0	static
stm32f4xx_hal_spi.c:2972:26:SPI_WaitTXEFlagStateUntilTimeout	16	static
stm32f4xx_hal_spi.c:2919:26:SPI_WaitFlagStateUntilTimeout	32	static
stm32f4xx_hal_spi.c:380:13:HAL_SPI_MspInit	0	static
stm32f4xx_hal_spi.c:264:19:HAL_SPI_Init	24	static
stm32f4xx_hal_spi.c:395:13:HAL_SPI_MspDeInit	0	static
stm32f4xx_hal_spi.c:346:19:HAL_SPI_DeInit	8	static
stm32f4xx_hal_spi.c:450:19:HAL_SPI_Transmit	40	static
stm32f4xx_hal_spi.c:819:19:HAL_SPI_TransmitReceive	48	static
stm32f4xx_hal_spi.c:622:19:HAL_SPI_Receive	40	static
stm32f4xx_hal_spi.c:1044:19:HAL_SPI_Transmit_IT	4	static
stm32f4xx_hal_spi.c:1226:19:HAL_SPI_TransmitReceive_IT	8	static
stm32f4xx_hal_spi.c:1134:19:HAL_SPI_Receive_IT	12	static
stm32f4xx_hal_spi.c:1312:19:HAL_SPI_Transmit_DMA	16	static
stm32f4xx_hal_spi.c:1502:19:HAL_SPI_TransmitReceive_DMA	16	static
stm32f4xx_hal_spi.c:1405:19:HAL_SPI_Receive_DMA	16	static
stm32f4xx_hal_spi.c:1624:19:HAL_SPI_Abort	24	static
stm32f4xx_hal_spi.c:1867:19:HAL_SPI_DMAPause	0	static
stm32f4xx_hal_spi.c:1887:19:HAL_SPI_DMAResume	0	static
stm32f4xx_hal_spi.c:1907:19:HAL_SPI_DMAStop	8	static
stm32f4xx_hal_spi.c:2034:13:HAL_SPI_TxCpltCallback	0	static
stm32f4xx_hal_spi.c:2049:13:HAL_SPI_RxCpltCallback	0	static
stm32f4xx_hal_spi.c:2064:13:HAL_SPI_TxRxCpltCallback	0	static
stm32f4xx_hal_spi.c:2079:13:HAL_SPI_TxHalfCpltCallback	0	static
stm32f4xx_hal_spi.c:2388:13:SPI_DMAHalfTransmitCplt	8	static
stm32f4xx_hal_spi.c:2094:13:HAL_SPI_RxHalfCpltCallback	0	static
stm32f4xx_hal_spi.c:2401:13:SPI_DMAHalfReceiveCplt	8	static
stm32f4xx_hal_spi.c:2109:13:HAL_SPI_TxRxHalfCpltCallback	0	static
stm32f4xx_hal_spi.c:2414:13:SPI_DMAHalfTransmitReceiveCplt	8	static
stm32f4xx_hal_spi.c:2124:14:HAL_SPI_ErrorCallback	0	static
stm32f4xx_hal_spi.c:3161:13:SPI_CloseTx_ISR	24	static
stm32f4xx_hal_spi.c:2859:13:SPI_TxISR_8BIT	0	static
stm32f4xx_hal_spi.c:2886:13:SPI_TxISR_16BIT	0	static
stm32f4xx_hal_spi.c:3112:13:SPI_CloseRx_ISR	16	static
stm32f4xx_hal_spi.c:2770:13:SPI_RxISR_8BIT	0	static
stm32f4xx_hal_spi.c:2750:13:SPI_RxISR_8BITCRC	8	static
stm32f4xx_hal_spi.c:2826:13:SPI_RxISR_16BIT	0	static
stm32f4xx_hal_spi.c:2803:13:SPI_RxISR_16BITCRC	8	static
stm32f4xx_hal_spi.c:3038:13:SPI_CloseRxTx_ISR	24	static
stm32f4xx_hal_spi.c:2623:13:SPI_2linesTxISR_8BIT	4	static
stm32f4xx_hal_spi.c:2562:13:SPI_2linesRxISR_8BIT	4	static
stm32f4xx_hal_spi.c:2596:13:SPI_2linesRxISR_8BITCRC	8	static
stm32f4xx_hal_spi.c:2714:13:SPI_2linesTxISR_16BIT	4	static
stm32f4xx_hal_spi.c:2656:13:SPI_2linesRxISR_16BIT	4	static
stm32f4xx_hal_spi.c:2690:13:SPI_2linesRxISR_16BITCRC	8	static
stm32f4xx_hal_spi.c:2427:13:SPI_DMAError	8	static
stm32f4xx_hal_spi.c:2213:13:SPI_DMATransmitCplt	32	static
stm32f4xx_hal_spi.c:2257:13:SPI_DMAReceiveCplt	32	static
stm32f4xx_hal_spi.c:2324:13:SPI_DMATransmitReceiveCplt	32	static
stm32f4xx_hal_spi.c:1938:6:HAL_SPI_IRQHandler	32	static
stm32f4xx_hal_spi.c:2445:13:SPI_DMAAbortOnError	8	static
stm32f4xx_hal_spi.c:2141:13:HAL_SPI_AbortCpltCallback	0	static
stm32f4xx_hal_spi.c:1721:19:HAL_SPI_Abort_IT	24	static
stm32f4xx_hal_spi.c:2517:13:SPI_DMARxAbortCallback	24	static
stm32f4xx_hal_spi.c:2462:13:SPI_DMATxAbortCallback	16	static
stm32f4xx_hal_spi.c:2176:22:HAL_SPI_GetState	0	static
stm32f4xx_hal_spi.c:2188:10:HAL_SPI_GetError	0	static
