stm32f4xx_hal_pcd.c:256:13:HAL_PCD_MspInit	0	static
stm32f4xx_hal_pcd.c:137:19:HAL_PCD_Init	64	static
stm32f4xx_hal_pcd.c:270:13:HAL_PCD_MspDeInit	0	static
stm32f4xx_hal_pcd.c:303:19:HAL_PCD_Start	8	static
stm32f4xx_hal_pcd.c:321:19:HAL_PCD_Stop	8	static
stm32f4xx_hal_pcd.c:230:19:HAL_PCD_DeInit	8	static
stm32f4xx_hal_pcd.c:741:14:HAL_PCD_DataOutStageCallback	0	static
stm32f4xx_hal_pcd.c:757:14:HAL_PCD_DataInStageCallback	0	static
stm32f4xx_hal_pcd.c:771:14:HAL_PCD_SetupStageCallback	0	static
stm32f4xx_hal_pcd.c:785:14:HAL_PCD_SOFCallback	0	static
stm32f4xx_hal_pcd.c:799:14:HAL_PCD_ResetCallback	0	static
stm32f4xx_hal_pcd.c:813:14:HAL_PCD_SuspendCallback	0	static
stm32f4xx_hal_pcd.c:827:14:HAL_PCD_ResumeCallback	0	static
stm32f4xx_hal_pcd.c:842:14:HAL_PCD_ISOOUTIncompleteCallback	0	static
stm32f4xx_hal_pcd.c:858:14:HAL_PCD_ISOINIncompleteCallback	0	static
stm32f4xx_hal_pcd.c:873:14:HAL_PCD_ConnectCallback	0	static
stm32f4xx_hal_pcd.c:887:14:HAL_PCD_DisconnectCallback	0	static
stm32f4xx_hal_pcd.c:340:6:HAL_PCD_IRQHandler	72	static,ignoring_inline_asm
stm32f4xx_hal_pcd.c:920:19:HAL_PCD_DevConnect	8	static
stm32f4xx_hal_pcd.c:933:19:HAL_PCD_DevDisconnect	8	static
stm32f4xx_hal_pcd.c:947:19:HAL_PCD_SetAddress	8	static
stm32f4xx_hal_pcd.c:962:19:HAL_PCD_EP_Open	16	static
stm32f4xx_hal_pcd.c:1006:19:HAL_PCD_EP_Close	8	static
stm32f4xx_hal_pcd.c:1039:19:HAL_PCD_EP_Receive	16	static
stm32f4xx_hal_pcd.c:1082:10:HAL_PCD_EP_GetRxCount	0	static
stm32f4xx_hal_pcd.c:1096:19:HAL_PCD_EP_Transmit	16	static
stm32f4xx_hal_pcd.c:1140:19:HAL_PCD_EP_SetStall	16	static
stm32f4xx_hal_pcd.c:1179:19:HAL_PCD_EP_ClrStall	16	static
stm32f4xx_hal_pcd.c:1211:19:HAL_PCD_EP_Flush	8	static
stm32f4xx_hal_pcd.c:1238:19:HAL_PCD_ActivateRemoteWakeup	0	static
stm32f4xx_hal_pcd.c:1255:19:HAL_PCD_DeActivateRemoteWakeup	0	static
stm32f4xx_hal_pcd.c:1287:18:HAL_PCD_GetState	0	static
