stm32f4xx_hal.c:238:13:HAL_MspInit	0	static
stm32f4xx_hal.c:249:13:HAL_MspDeInit	0	static
stm32f4xx_hal.c:209:19:HAL_DeInit	8	static
stm32f4xx_hal.c:272:26:HAL_InitTick	16	static
stm32f4xx_hal.c:173:19:HAL_Init	8	static
stm32f4xx_hal.c:331:13:HAL_IncTick	0	static
stm32f4xx_hal.c:342:17:HAL_GetTick	0	static
stm32f4xx_hal.c:351:10:HAL_GetTickPrio	0	static
stm32f4xx_hal.c:360:19:HAL_SetTickFreq	8	static
stm32f4xx_hal.c:380:21:HAL_GetTickFreq	0	static
stm32f4xx_hal.c:396:13:HAL_Delay	16	static
stm32f4xx_hal.c:422:13:HAL_SuspendTick	0	static
stm32f4xx_hal.c:438:13:HAL_ResumeTick	0	static
stm32f4xx_hal.c:448:10:HAL_GetHalVersion	0	static
stm32f4xx_hal.c:457:10:HAL_GetREVID	0	static
stm32f4xx_hal.c:466:10:HAL_GetDEVID	0	static
stm32f4xx_hal.c:475:6:HAL_DBGMCU_EnableDBGSleepMode	0	static
stm32f4xx_hal.c:484:6:HAL_DBGMCU_DisableDBGSleepMode	0	static
stm32f4xx_hal.c:493:6:HAL_DBGMCU_EnableDBGStopMode	0	static
stm32f4xx_hal.c:502:6:HAL_DBGMCU_DisableDBGStopMode	0	static
stm32f4xx_hal.c:511:6:HAL_DBGMCU_EnableDBGStandbyMode	0	static
stm32f4xx_hal.c:520:6:HAL_DBGMCU_DisableDBGStandbyMode	0	static
stm32f4xx_hal.c:531:6:HAL_EnableCompensationCell	0	static
stm32f4xx_hal.c:542:6:HAL_DisableCompensationCell	0	static
stm32f4xx_hal.c:552:6:HAL_GetUID	0	static
