stm32f4xx_ll_usb.c:103:19:USB_CoreInit	16	static
stm32f4xx_ll_usb.c:149:19:USB_EnableGlobalInt	0	static
stm32f4xx_ll_usb.c:162:19:USB_DisableGlobalInt	0	static
stm32f4xx_ll_usb.c:178:19:USB_SetCurrentMode	8	static
stm32f4xx_ll_usb.c:203:19:USB_DevInit	24	static
stm32f4xx_ll_usb.c:349:19:USB_FlushTxFifo	0	static
stm32f4xx_ll_usb.c:373:19:USB_FlushRxFifo	0	static
stm32f4xx_ll_usb.c:403:19:USB_SetDevSpeed	0	static
stm32f4xx_ll_usb.c:418:9:USB_GetDevSpeed	0	static
stm32f4xx_ll_usb.c:445:19:USB_ActivateEndpoint	12	static
stm32f4xx_ll_usb.c:475:19:USB_ActivateDedicatedEndpoint	16	static
stm32f4xx_ll_usb.c:518:19:USB_DeactivateEndpoint	8	static
stm32f4xx_ll_usb.c:589:19:USB_DeactivateDedicatedEndpoint	0	static
stm32f4xx_ll_usb.c:665:19:USB_EPStartXfer	36	static,ignoring_inline_asm
stm32f4xx_ll_usb.c:789:19:USB_EP0StartXfer	20	static,ignoring_inline_asm
stm32f4xx_ll_usb.c:881:19:USB_WritePacket	4	static
stm32f4xx_ll_usb.c:909:7:USB_ReadPacket	4	static
stm32f4xx_ll_usb.c:928:19:USB_EPSetStall	0	static
stm32f4xx_ll_usb.c:956:19:USB_EPClearStall	0	static
stm32f4xx_ll_usb.c:982:19:USB_StopDevice	4	static
stm32f4xx_ll_usb.c:1013:20:USB_SetDevAddress	0	static
stm32f4xx_ll_usb.c:1026:20:USB_DevConnect	8	static
stm32f4xx_ll_usb.c:1039:20:USB_DevDisconnect	8	static
stm32f4xx_ll_usb.c:1052:11:USB_ReadInterrupts	0	static
stm32f4xx_ll_usb.c:1066:10:USB_ReadDevAllOutEpInterrupt	0	static
stm32f4xx_ll_usb.c:1079:10:USB_ReadDevAllInEpInterrupt	0	static
stm32f4xx_ll_usb.c:1094:10:USB_ReadDevOutEPInterrupt	0	static
stm32f4xx_ll_usb.c:1109:10:USB_ReadDevInEPInterrupt	4	static
stm32f4xx_ll_usb.c:1126:7:USB_ClearInterrupts	0	static
stm32f4xx_ll_usb.c:1139:10:USB_GetMode	0	static
stm32f4xx_ll_usb.c:1150:20:USB_ActivateSetup	0	static
stm32f4xx_ll_usb.c:1175:19:USB_EP0_OutStart	4	static
stm32f4xx_ll_usb.c:1198:26:USB_CoreReset	0	static
stm32f4xx_ll_usb.c:1237:19:USB_HostInit	24	static
stm32f4xx_ll_usb.c:1326:19:USB_InitFSLSPClkSel	0	static
stm32f4xx_ll_usb.c:1349:19:USB_ResetPort	16	static
stm32f4xx_ll_usb.c:1372:19:USB_DriveVbus	8	static
stm32f4xx_ll_usb.c:1400:10:USB_GetHostSpeed	8	static
stm32f4xx_ll_usb.c:1413:10:USB_GetCurrentFrame	0	static
stm32f4xx_ll_usb.c:1442:19:USB_HC_Init	24	static
stm32f4xx_ll_usb.c:1547:19:USB_HC_StartXfer	48	static
stm32f4xx_ll_usb.c:1661:10:USB_HC_ReadInterrupt	16	static
stm32f4xx_ll_usb.c:1673:19:USB_HC_Halt	24	static
stm32f4xx_ll_usb.c:1734:19:USB_DoPing	24	static
stm32f4xx_ll_usb.c:1756:19:USB_StopHost	32	static
