stm32f4xx_hal_smartcard.c:1439:13:SMARTCARD_DMATransmitCplt	0	static
stm32f4xx_hal_smartcard.c:1519:26:SMARTCARD_WaitOnFlagUntilTimeout.constprop	24	static
stm32f4xx_hal_smartcard.c:344:14:HAL_SMARTCARD_MspInit	0	static
stm32f4xx_hal_smartcard.c:243:19:HAL_SMARTCARD_Init	32	static
stm32f4xx_hal_smartcard.c:359:14:HAL_SMARTCARD_MspDeInit	0	static
stm32f4xx_hal_smartcard.c:309:19:HAL_SMARTCARD_DeInit	8	static
stm32f4xx_hal_smartcard.c:433:19:HAL_SMARTCARD_Transmit	32	static
stm32f4xx_hal_smartcard.c:496:19:HAL_SMARTCARD_Receive	32	static
stm32f4xx_hal_smartcard.c:555:19:HAL_SMARTCARD_Transmit_IT	8	static
stm32f4xx_hal_smartcard.c:603:19:HAL_SMARTCARD_Receive_IT	8	static
stm32f4xx_hal_smartcard.c:648:19:HAL_SMARTCARD_Transmit_DMA	16	static
stm32f4xx_hal_smartcard.c:710:19:HAL_SMARTCARD_Receive_DMA	32	static
stm32f4xx_hal_smartcard.c:780:19:HAL_SMARTCARD_Abort	8	static
stm32f4xx_hal_smartcard.c:844:19:HAL_SMARTCARD_AbortTransmit	8	static
stm32f4xx_hal_smartcard.c:886:19:HAL_SMARTCARD_AbortReceive	8	static
stm32f4xx_hal_smartcard.c:1300:14:HAL_SMARTCARD_TxCpltCallback	0	static
stm32f4xx_hal_smartcard.c:1315:13:HAL_SMARTCARD_RxCpltCallback	0	static
stm32f4xx_hal_smartcard.c:1459:13:SMARTCARD_DMAReceiveCplt	8	static
stm32f4xx_hal_smartcard.c:1638:26:SMARTCARD_Receive_IT.part.1	8	static
stm32f4xx_hal_smartcard.c:1330:14:HAL_SMARTCARD_ErrorCallback	0	static
stm32f4xx_hal_smartcard.c:1485:13:SMARTCARD_DMAError	8	static
stm32f4xx_hal_smartcard.c:1175:6:HAL_SMARTCARD_IRQHandler	16	static
stm32f4xx_hal_smartcard.c:1680:13:SMARTCARD_DMAAbortOnError	8	static
stm32f4xx_hal_smartcard.c:1344:13:HAL_SMARTCARD_AbortCpltCallback	0	static
stm32f4xx_hal_smartcard.c:931:19:HAL_SMARTCARD_Abort_IT	8	static
stm32f4xx_hal_smartcard.c:1735:13:SMARTCARD_DMARxAbortCallback	8	static
stm32f4xx_hal_smartcard.c:1697:13:SMARTCARD_DMATxAbortCallback	8	static
stm32f4xx_hal_smartcard.c:1359:13:HAL_SMARTCARD_AbortTransmitCpltCallback	0	static
stm32f4xx_hal_smartcard.c:1052:19:HAL_SMARTCARD_AbortTransmit_IT	8	static
stm32f4xx_hal_smartcard.c:1773:13:SMARTCARD_DMATxOnlyAbortCallback	8	static
stm32f4xx_hal_smartcard.c:1374:13:HAL_SMARTCARD_AbortReceiveCpltCallback	0	static
stm32f4xx_hal_smartcard.c:1117:19:HAL_SMARTCARD_AbortReceive_IT	8	static
stm32f4xx_hal_smartcard.c:1794:13:SMARTCARD_DMARxOnlyAbortCallback	8	static
stm32f4xx_hal_smartcard.c:1409:28:HAL_SMARTCARD_GetState	0	static
stm32f4xx_hal_smartcard.c:1424:10:HAL_SMARTCARD_GetError	0	static
