stm32f4xx_hal_hcd.c:186:19:HAL_HCD_HC_Init	48	static
stm32f4xx_hal_hcd.c:230:19:HAL_HCD_HC_Halt	8	static
stm32f4xx_hal_hcd.c:271:14:HAL_HCD_MspInit	0	static
stm32f4xx_hal_hcd.c:129:19:HAL_HCD_Init	64	static
stm32f4xx_hal_hcd.c:285:14:HAL_HCD_MspDeInit	0	static
stm32f4xx_hal_hcd.c:246:19:HAL_HCD_DeInit	8	static
stm32f4xx_hal_hcd.c:336:19:HAL_HCD_HC_SubmitRequest	32	static
stm32f4xx_hal_hcd.c:596:13:HAL_HCD_SOF_Callback	0	static
stm32f4xx_hal_hcd.c:610:13:HAL_HCD_Connect_Callback	0	static
stm32f4xx_hal_hcd.c:624:13:HAL_HCD_Disconnect_Callback	0	static
stm32f4xx_hal_hcd.c:648:13:HAL_HCD_HC_NotifyURBChange_Callback	0	static
stm32f4xx_hal_hcd.c:493:6:HAL_HCD_IRQHandler	56	static
stm32f4xx_hal_hcd.c:683:19:HAL_HCD_Start	16	static
stm32f4xx_hal_hcd.c:698:19:HAL_HCD_Stop	8	static
stm32f4xx_hal_hcd.c:711:19:HAL_HCD_ResetPort	0	static
stm32f4xx_hal_hcd.c:740:18:HAL_HCD_GetState	0	static
stm32f4xx_hal_hcd.c:759:21:HAL_HCD_HC_GetURBState	0	static
stm32f4xx_hal_hcd.c:772:10:HAL_HCD_HC_GetXferCount	0	static
stm32f4xx_hal_hcd.c:794:21:HAL_HCD_HC_GetState	0	static
stm32f4xx_hal_hcd.c:804:10:HAL_HCD_GetCurrentFrame	0	static
stm32f4xx_hal_hcd.c:814:10:HAL_HCD_GetCurrentSpeed	0	static
