stm32f4xx_hal_usart.c:1814:26:USART_WaitOnFlagUntilTimeout.constprop	24	static
stm32f4xx_hal_usart.c:306:14:HAL_USART_MspInit	0	static
stm32f4xx_hal_usart.c:226:19:HAL_USART_Init	24	static
stm32f4xx_hal_usart.c:321:14:HAL_USART_MspDeInit	0	static
stm32f4xx_hal_usart.c:272:19:HAL_USART_DeInit	8	static
stm32f4xx_hal_usart.c:404:19:HAL_USART_Transmit	40	static
stm32f4xx_hal_usart.c:485:19:HAL_USART_Receive	32	static
stm32f4xx_hal_usart.c:591:19:HAL_USART_TransmitReceive	32	static
stm32f4xx_hal_usart.c:705:19:HAL_USART_Transmit_IT	8	static
stm32f4xx_hal_usart.c:754:19:HAL_USART_Receive_IT	8	static
stm32f4xx_hal_usart.c:801:19:HAL_USART_TransmitReceive_IT	8	static
stm32f4xx_hal_usart.c:853:19:HAL_USART_Transmit_DMA	16	static
stm32f4xx_hal_usart.c:917:19:HAL_USART_Receive_DMA	32	static
stm32f4xx_hal_usart.c:1009:19:HAL_USART_TransmitReceive_DMA	32	static
stm32f4xx_hal_usart.c:1096:19:HAL_USART_DMAPause	0	static
stm32f4xx_hal_usart.c:1116:19:HAL_USART_DMAResume	0	static
stm32f4xx_hal_usart.c:1136:19:HAL_USART_DMAStop	8	static
stm32f4xx_hal_usart.c:1193:19:HAL_USART_Abort	8	static
stm32f4xx_hal_usart.c:1516:14:HAL_USART_TxCpltCallback	0	static
stm32f4xx_hal_usart.c:1669:13:USART_DMATransmitCplt	8	static
stm32f4xx_hal_usart.c:1531:14:HAL_USART_TxHalfCpltCallback	0	static
stm32f4xx_hal_usart.c:1702:13:USART_DMATxHalfCplt	8	static
stm32f4xx_hal_usart.c:1546:13:HAL_USART_RxCpltCallback	0	static
stm32f4xx_hal_usart.c:2040:26:USART_Receive_IT.part.1	8	static
stm32f4xx_hal_usart.c:1561:13:HAL_USART_RxHalfCpltCallback	0	static
stm32f4xx_hal_usart.c:1765:13:USART_DMARxHalfCplt	8	static
stm32f4xx_hal_usart.c:1576:13:HAL_USART_TxRxCpltCallback	0	static
stm32f4xx_hal_usart.c:1714:13:USART_DMAReceiveCplt	8	static
stm32f4xx_hal_usart.c:2112:26:USART_TransmitReceive_IT.part.2	8	static
stm32f4xx_hal_usart.c:1591:14:HAL_USART_ErrorCallback	0	static
stm32f4xx_hal_usart.c:1777:13:USART_DMAError	8	static
stm32f4xx_hal_usart.c:1372:6:HAL_USART_IRQHandler	16	static
stm32f4xx_hal_usart.c:1883:13:USART_DMAAbortOnError	8	static
stm32f4xx_hal_usart.c:1605:13:HAL_USART_AbortCpltCallback	0	static
stm32f4xx_hal_usart.c:1259:19:HAL_USART_Abort_IT	8	static
stm32f4xx_hal_usart.c:1937:13:USART_DMARxAbortCallback	8	static
stm32f4xx_hal_usart.c:1900:13:USART_DMATxAbortCallback	8	static
stm32f4xx_hal_usart.c:1644:24:HAL_USART_GetState	0	static
stm32f4xx_hal_usart.c:1655:10:HAL_USART_GetError	0	static
